[Parallel(n_jobs=6)]: Using backend LokyBackend with 6 concurrent workers.
[Parallel(n_jobs=6)]: Done   3 out of   6 | elapsed:  4.2min remaining:  4.2min
[Parallel(n_jobs=6)]: Done   6 out of   6 | elapsed:  4.2min finished
code 3ad19cb; sims ['Normal', 'Mild', 'Moderate', 'Severe']; schemes ['binary', 'three_merged', 'three']; skipped {'binary_early': "no simulation for class(es) ['MCI']"}; noise ref port
# Prompt 03 - gate, classifiers, decision boundaries (track A, code 3ad19cb)

Simulations: {'brain_sevem_layer_Healthy.s6p': 'Normal', 'Brain_sevem_layer_MildAD.s6p': 'Mild', 'Brain_sevem_layer_ModerateAD.s6p': 'Moderate', 'brain_sevem_layer_SevereAD.s6p': 'Severe'}. Schemes run: ['binary', 'three_merged', 'three']. Skipped: {'binary_early': "no simulation for class(es) ['MCI']"}. Noise reference: port (between-mesh not measured: AD-vs-AD results unverified against mesh noise).
Validity: noise-robustness-only. Samples are antenna views of one simulation per stage; views are not independent.

## Quality gate: INVALID rate (expected ~0 for clean/shift/flatten, ~1 for detune/open/short)
| case | ideal | good | typical | noisy | very_noisy | typical_jitter |
|---|---|---|---|---|---|---|
| clean | 0.000 | 0.000 | 0.000 | 0.000 | 0.031 | 0.000 |
| shift-2MHz | 0.000 | 0.000 | 0.000 | 0.000 | 0.031 | 0.000 |
| shift+2MHz | 0.000 | 0.000 | 0.000 | 0.000 | 0.031 | 0.000 |
| shift-5MHz | 0.000 | 0.000 | 0.000 | 0.000 | 0.031 | 0.000 |
| shift+5MHz | 0.000 | 0.000 | 0.000 | 0.000 | 0.031 | 0.000 |
| shift-10MHz | 0.000 | 0.000 | 0.000 | 0.000 | 0.037 | 0.000 |
| shift+10MHz | 0.000 | 0.000 | 0.000 | 0.000 | 0.031 | 0.000 |
| shift-20MHz | 0.000 | 0.000 | 0.000 | 0.000 | 0.037 | 0.000 |
| shift+20MHz | 0.000 | 0.000 | 0.000 | 0.000 | 0.025 | 0.000 |
| flatten_notch | 0.000 | 0.000 | 0.000 | 0.000 | 0.037 | 0.000 |
| detune-200MHz | 1.000 | 1.000 | 1.000 | 1.000 | 1.000 | 1.000 |
| detune+200MHz | 1.000 | 1.000 | 1.000 | 1.000 | 1.000 | 1.000 |
| one_open | 1.000 | 1.000 | 1.000 | 1.000 | 1.000 | 1.000 |
| one_short | 1.000 | 1.000 | 1.000 | 1.000 | 1.000 | 1.000 |
| open_all | 1.000 | 1.000 | 1.000 | 1.000 | 1.000 | 1.000 |
| short_all | 1.000 | 1.000 | 1.000 | 1.000 | 1.000 | 1.000 |

Reasons for the single-antenna faults (typical):
| case | invalid_rate | open_short | passivity | reciprocity | symmetry | detune |
|---|---|---|---|---|---|---|
| detune+200MHz | 1.000 | 0.000 | 0.000 | 0.000 | 0.000 | 1.000 |
| one_open | 1.000 | 1.000 | 0.013 | 0.000 | 1.000 | 0.069 |
| one_short | 1.000 | 1.000 | 0.013 | 0.000 | 1.000 | 0.069 |

## `binary` at `typical` (top 12 by balanced accuracy + M0)
CV: LODO+LOSO-within-class (9 folds), noise-robustness-only.
| feature_set | model | balanced_accuracy | accuracy | macro_f1 | reject_rate | bal_acc_on_accepted | gate_invalid_rate | info |
|---|---|---|---|---|---|---|---|---|
| M9 | LDA | 1 | 1 | 1 | 0.00324 | 1 | 0 |  |
| M9 | LR | 1 | 1 | 1 | 0 | 1 | 0 |  |
| COMB | LDA | 1 | 1 | 1 | 0.00463 | 1 | 0 | chosen M5.C3+M6.A[3.40]+M5.C2×7; M5.C3+M6.A[3.40]+M6.A[3.55]×1; M5.C3+M6.A[3.40]+M6.A[3.50]×1 |
| COMB | LR | 1 | 1 | 1 | 0 | 1 | 0 | chosen M5.C3+M6.A[3.40]+M5.C2×7; M5.C3+M6.A[3.40]+M6.A[3.55]×1; M5.C3+M6.A[3.40]+M6.A[3.50]×1 |
| M6 | RBF | 1 | 1 | 1 | 0.00231 | 1 | 0 |  |
| COMB | ORD | 1 | 1 | 1 | 0 | 1 | 0 | chosen M5.C3+M6.A[3.40]+M5.C2×7; M5.C3+M6.A[3.40]+M6.A[3.55]×1; M5.C3+M6.A[3.40]+M6.A[3.50]×1 |
| COMB | kNN | 1 | 1 | 1 | 0 | 1 | 0 | chosen M5.C3+M6.A[3.40]+M5.C2×7; M5.C3+M6.A[3.40]+M6.A[3.55]×1; M5.C3+M6.A[3.40]+M6.A[3.50]×1 |
| COMB | RBF | 1 | 1 | 1 | 0 | 1 | 0 | chosen M5.C3+M6.A[3.40]+M5.C2×7; M5.C3+M6.A[3.40]+M6.A[3.55]×1; M5.C3+M6.A[3.40]+M6.A[3.50]×1 |
| COMB | LSVM | 1 | 1 | 1 | 0 | 1 | 0 | chosen M5.C3+M6.A[3.40]+M5.C2×7; M5.C3+M6.A[3.40]+M6.A[3.55]×1; M5.C3+M6.A[3.40]+M6.A[3.50]×1 |
| M9 | ORD | 1 | 1 | 1 | 0 | 1 | 0 |  |
| M5.C3[nested] | LDA | 1 | 1 | 1 | 0.0134 | 1 | 0 | windows 3.40-3.50×6, 3.45-3.55×2, 3.40-3.60×1 |
| M5.C3[nested] | LSVM | 1 | 1 | 1 | 0.0116 | 1 | 0 | windows 3.40-3.50×6, 3.45-3.55×2, 3.40-3.60×1 |
| M0 | ORD | 0.585 | 0.585 | 0.585 | 0.891 | 0.677 | 0 |  |
| M0 | THR | 0.585 | 0.585 | 0.585 | 0.883 | 0.65 | 0 |  |
| M0 | RBF | 0.585 | 0.585 | 0.585 | 1 | n/a | 0 |  |
| M0 | LR | 0.585 | 0.585 | 0.585 | 0.853 | 0.665 | 0 |  |
| M0 | LDA | 0.585 | 0.585 | 0.585 | 0.891 | 0.669 | 0 |  |
| M0 | LSVM | 0.585 | 0.585 | 0.585 | 0.893 | 0.673 | 0 |  |
| M0 | kNN | 0.554 | 0.554 | 0.554 | 0.973 | 0.619 | 0 |  |

## `three_merged` at `typical` (top 12 by balanced accuracy + M0) - UNVERIFIED AGAINST MESH NOISE
CV: LODO+LOSO-within-class (6 folds), noise-robustness-only.
| feature_set | model | balanced_accuracy | accuracy | macro_f1 | reject_rate | bal_acc_on_accepted | gate_invalid_rate | info |
|---|---|---|---|---|---|---|---|---|
| M9 | LDA | 0.998 | 0.998 | 0.998 | 0.0806 | 0.661 | 0 |  |
| M9 | ORD | 0.997 | 0.997 | 0.997 | 0.00231 | 1 | 0 |  |
| M6 | LDA | 0.982 | 0.982 | 0.982 | 0.0537 | 0.914 | 0 |  |
| M6 | ORD | 0.975 | 0.975 | 0.974 | 0.0667 | 0.986 | 0 |  |
| M9 | RBF | 0.975 | 0.975 | 0.975 | 0.00602 | 0.986 | 0 |  |
| M9 | LR | 0.97 | 0.97 | 0.97 | 0.00324 | 0.995 | 0 |  |
| M5 | kNN | 0.947 | 0.947 | 0.947 | 0.0259 | 0.957 | 0 |  |
| M5 | LDA | 0.946 | 0.946 | 0.946 | 0.0343 | 0.955 | 0 |  |
| M5 | RBF | 0.946 | 0.946 | 0.946 | 0.0125 | 0.943 | 0 |  |
| M9 | kNN | 0.941 | 0.941 | 0.941 | 0.0616 | 0.95 | 0 |  |
| M6 | RBF | 0.934 | 0.934 | 0.934 | 0.075 | 0.919 | 0 |  |
| M6 | LR | 0.924 | 0.924 | 0.923 | 0.0528 | 0.928 | 0 |  |
| M0 | LDA | 0.399 | 0.399 | 0.387 | 0.998 | 0.333 | 0 |  |
| M0 | ORD | 0.398 | 0.398 | 0.377 | 0.998 | n/a | 0 |  |
| M0 | LSVM | 0.396 | 0.396 | 0.35 | 1 | n/a | 0 |  |
| M0 | LR | 0.396 | 0.396 | 0.385 | 0.995 | 0.333 | 0 |  |
| M0 | RBF | 0.392 | 0.392 | 0.373 | 1 | n/a | 0 |  |
| M0 | kNN | 0.37 | 0.37 | 0.362 | 1 | n/a | 0 |  |

## `three` at `typical` (top 12 by balanced accuracy + M0) - UNVERIFIED AGAINST MESH NOISE
CV: LODO (3 folds), noise-robustness-only.
| feature_set | model | balanced_accuracy | accuracy | macro_f1 | reject_rate | bal_acc_on_accepted | gate_invalid_rate | info |
|---|---|---|---|---|---|---|---|---|
| M9 | LDA | 1 | 1 | 1 | 0.0176 | 0.887 | 0 |  |
| M9 | ORD | 1 | 1 | 1 | 0 | 1 | 0 |  |
| M9 | RBF | 0.994 | 0.994 | 0.994 | 0.0185 | 0.983 | 0 |  |
| M6 | ORD | 0.991 | 0.991 | 0.991 | 0.0556 | 0.966 | 0 |  |
| M9 | LR | 0.981 | 0.981 | 0.981 | 0.0037 | 0.993 | 0 |  |
| M6 | LDA | 0.976 | 0.976 | 0.976 | 0.0481 | 0.921 | 0 |  |
| M5 | RBF | 0.965 | 0.965 | 0.965 | 0.0222 | 0.981 | 0 |  |
| M6 | LR | 0.959 | 0.959 | 0.959 | 0.0454 | 0.9 | 0 |  |
| M5 | kNN | 0.957 | 0.957 | 0.958 | 0.0611 | 0.984 | 0 |  |
| M5 | LDA | 0.95 | 0.95 | 0.95 | 0.0556 | 0.826 | 0 |  |
| COMB | LDA | 0.94 | 0.94 | 0.939 | 0.0556 | 0.824 | 0 | chosen M5.C2+M6.A[3.40]+M5.C3×1; M5.C2+M6.A[3.40]+M5.C×1; M5.C2+M6.A[3.40]+M5.C1×1 |
| M5 | LR | 0.936 | 0.936 | 0.937 | 0.0519 | 0.972 | 0 |  |
| M0 | LDA | 0.396 | 0.396 | 0.364 | 0.998 | n/a | 0 |  |
| M0 | LR | 0.396 | 0.396 | 0.359 | 0.996 | n/a | 0 |  |
| M0 | ORD | 0.392 | 0.392 | 0.367 | 0.999 | n/a | 0 |  |
| M0 | LSVM | 0.392 | 0.392 | 0.313 | 0.999 | n/a | 0 |  |
| M0 | RBF | 0.387 | 0.387 | 0.374 | 1 | n/a | 0 |  |
| M0 | kNN | 0.369 | 0.369 | 0.364 | 0.991 | 0.5 | 0 |  |

## Binary thresholds (Normal | AD) on opposite-antenna power, dB
τ = class-balanced (equal priors) error minimiser; τ_screen uses P(Normal) = 0.8; CI = bootstrap over simulations (within class), views and draws (1000×). Margin m = max(posterior margin at p* = 0.7, Φ⁻¹(p*)·σ_ref); σ_ref = within-simulation SD of one antenna view (between-mesh SD not yet measured). Sensitivity/specificity here are on all draws (resubstitution); CV values below.
| feature | profile | tau_dB | tau_CI_lo | tau_CI_hi | tau_screen_dB | margin_dB | margin_post_dB | sd_ref_dB | mu_Normal_dB | mu_AD_dB | sensitivity | specificity | uncertain_fraction | sens_on_accepted | spec_on_accepted |
|---|---|---|---|---|---|---|---|---|---|---|---|---|---|---|---|
| M5.C3 | ideal | -52.77 | -53.04 | -52.76 | -52.77 | 0.2386 | 0.0145 | 0.4551 | -51.84 | -53.81 | 1 | 1 | 0.01215 | 1 | 1 |
| M5.C3[k3] | ideal | -48.77 | -49.2 | -48.76 | -48.77 | 0.26 | 0.03505 | 0.4958 | -47.58 | -50.07 | 1 | 1 | 0.004861 | 1 | 1 |
| M5.C3 | good | -52.85 | -53 | -52.67 | -52.85 | 0.236 | 0.04021 | 0.45 | -51.81 | -53.79 | 0.9944 | 1 | 0.03264 | 1 | 1 |
| M5.C3[k3] | good | -48.72 | -49.18 | -48.69 | -48.72 | 0.257 | 0.02382 | 0.49 | -47.55 | -50.05 | 1 | 1 | 0.005903 | 1 | 1 |
| M5.C3 | typical | -52.69 | -52.92 | -52.64 | -52.76 | 0.2312 | 0.02777 | 0.441 | -51.76 | -53.7 | 0.9995 | 0.9986 | 0.02292 | 1 | 1 |
| M5.C3[k3] | typical | -48.69 | -49.13 | -48.68 | -48.69 | 0.2578 | 0.02624 | 0.4916 | -47.54 | -50.01 | 1 | 1 | 0.007292 | 1 | 1 |
| M5.C3 | noisy | -51.9 | -52.07 | -51.86 | -52 | 0.2178 | 0.05149 | 0.4154 | -51.17 | -52.83 | 0.9972 | 0.9875 | 0.0434 | 0.9995 | 0.9985 |
| M5.C3[k3] | noisy | -48.42 | -48.53 | -48.19 | -48.42 | 0.2699 | 0.04633 | 0.5146 | -47.29 | -49.61 | 0.9958 | 1 | 0.02813 | 0.9995 | 1 |
| M5.C3 | very_noisy | -48.1 | -48.12 | -47.99 | -48.3 | 0.1671 | 0.1287 | 0.3187 | -47.78 | -48.46 | 0.8741 | 0.85 | 0.2306 | 0.9441 | 0.9174 |
| M5.C3[k3] | very_noisy | -46.2 | -46.31 | -46.13 | -46.61 | 0.299 | 0.1808 | 0.5701 | -45.57 | -46.99 | 0.9181 | 0.8861 | 0.1965 | 0.9703 | 0.9417 |
| M5.C3 | typical_jitter | -52.69 | -52.78 | -52.56 | -52.69 | 0.2308 | 0.02768 | 0.44 | -51.75 | -53.69 | 0.9986 | 1 | 0.01771 | 1 | 1 |
| M5.C3[k3] | typical_jitter | -48.64 | -49.06 | -48.61 | -48.64 | 0.2576 | 0.0217 | 0.4912 | -47.53 | -50.01 | 1 | 1 | 0.002778 | 1 | 1 |

### CV sensitivity / specificity of the fold-fitted threshold (THR)
| profile | feature_set | cv_sensitivity | cv_specificity | fold_tau_dB_min | fold_tau_dB_max |
|---|---|---|---|---|---|
| ideal | M0 | 0.4148 | 0.7361 | -2.501 | -2.44 |
| ideal | M5.C3 | 0.9972 | 0.9602 | -52.83 | -52.5 |
| ideal | M5.C3[k3] | 1 | 0.9926 | -48.84 | -48.35 |
| ideal | M5.C3[nested] | 1 | 1 | -48.52 | -48.05 |
| good | M0 | 0.5741 | 0.5944 | -2.61 | -2.467 |
| good | M5.C3 | 0.9907 | 0.9361 | -52.91 | -52.4 |
| good | M5.C3[k3] | 0.9926 | 0.9685 | -48.93 | -48.27 |
| good | M5.C3[nested] | 0.9963 | 0.9926 | -48.4 | -48.05 |
| typical | M0 | 0.6083 | 0.562 | -2.629 | -2.537 |
| typical | M5.C3 | 0.9963 | 0.9583 | -52.71 | -52.47 |
| typical | M5.C3[k3] | 1 | 0.9815 | -48.77 | -48.36 |
| typical | M5.C3[nested] | 0.9991 | 1 | -48.59 | -47.98 |
| noisy | M0 | 0.6713 | 0.538 | -2.667 | -2.592 |
| noisy | M5.C3 | 0.9824 | 0.9565 | -52.06 | -51.74 |
| noisy | M5.C3[k3] | 0.9963 | 0.9815 | -48.39 | -48.08 |
| noisy | M5.C3[nested] | 0.9954 | 0.9648 | -48.2 | -48.03 |
| very_noisy | M0 | 0.5238 | 0.6149 | -2.588 | -2.553 |
| very_noisy | M5.C3 | 0.8638 | 0.7853 | -48.14 | -47.94 |
| very_noisy | M5.C3[k3] | 0.921 | 0.8663 | -46.23 | -46.13 |
| very_noisy | M5.C3[nested] | 0.9305 | 0.8333 | -46.92 | -46.23 |
| typical_jitter | M0 | 0.5657 | 0.5704 | -2.7 | -2.479 |
| typical_jitter | M5.C3 | 0.9991 | 0.9731 | -52.7 | -52.34 |
| typical_jitter | M5.C3[k3] | 1 | 0.9972 | -48.7 | -48.26 |
| typical_jitter | M5.C3[nested] | 1 | 1 | -48.38 | -48.04 |

