# QC report - track A (A-sphere7-ring6-hfss), code 5968676-dirty

## Parsed files (native grids)
| class | file | N | F_native | f_min_GHz | f_max_GHz | step_MHz | uniform | option_line | values_per_f |
|---|---|---|---|---|---|---|---|---|---|
| Normal | new_Healthy.s6p | 6 | 281 | 2.8 | 4.2 | 5 | True | # GHz S MA R 50.000000 | 72 |
| MCI | new_MCI.s6p | 6 | 281 | 2.8 | 4.2 | 5 | True | # GHz S MA R 50.000000 | 72 |
| Mild | new_MildAD.s6p | 6 | 281 | 2.8 | 4.2 | 5 | True | # GHz S MA R 50.000000 | 72 |
| Moderate | new_ModerateAD.s6p | 6 | 281 | 2.8 | 4.2 | 5 | True | # GHz S MA R 50.000000 | 72 |
| Severe | new_SevereAD.s6p | 6 | 281 | 2.8 | 4.2 | 5 | True | # GHz S MA R 50.000000 | 72 |

Common grid: 2.800-4.200 GHz, 281 points, step 5.0 MHz. S tensor shape (5, 281, 6, 6) (sims, F, N, N).

## Integrity (native grids)
recip_rel_band_* = |Sij - Sji| / band-rms|Sij| over off-diagonal entries (dB). n_glitch_pts = (f, pair) points with local |Sij - Sji|/|Sij| > -20 dB. Passive = column power sum and largest singular value <= 1 + tol. interp_* = leave-every-other-out spline error / band-rms level (dB).
| class | recip_abs_max | recip_rel_band_max_db | recip_rel_band_p99_db | recip_rel_band_median_db | n_glitch_pts | n_pts | col_power_max | sigma_max | passive | resampled |
|---|---|---|---|---|---|---|---|---|---|---|
| Normal | 0.000408 | -29.2 | -65 | -96.6 | 0 | 8430 | 0.963 | 0.982 | True | False |
| MCI | 1.61e-05 | -43.1 | -66.9 | -98.2 | 0 | 8430 | 0.963 | 0.982 | True | False |
| Mild | 4.13e-05 | -43.1 | -56.4 | -88 | 0 | 8430 | 0.962 | 0.982 | True | False |
| Moderate | 1.09e-05 | -41 | -64.6 | -93.4 | 0 | 8430 | 0.961 | 0.981 | True | False |
| Severe | 0.000209 | -18.7 | -42.7 | -93.3 | 0 | 8430 | 0.958 | 0.98 | True | False |

Glitch frequencies (GHz):

- Normal: []
- MCI: []
- Mild: []
- Moderate: []
- Severe: []

## Circulant symmetry spread per ring distance k (common grid)
mag_spread = max-min of |S(t,t+k)| across t in dB; cplx_rel = rms complex deviation from the ring mean relative to its magnitude (dB, noise-to-signal).
| class | k | n_pairs | mag_spread_db_median | mag_spread_db_p95 | mag_spread_db_max | mag_std_db_median | cplx_rel_db_median | level_db_median |
|---|---|---|---|---|---|---|---|---|
| Normal | 0 | 6 | 0.0344 | 1.08 | 10.7 | 0.0105 | -52.8 | -1.4 |
| Normal | 1 | 12 | 0.655 | 1.3 | 5.72 | 0.208 | -30 | -52.8 |
| Normal | 2 | 12 | 0.746 | 4.29 | 9.92 | 0.251 | -29 | -64.5 |
| Normal | 3 | 6 | 0.322 | 1.84 | 1.98 | 0.138 | -35.1 | -57.9 |
| MCI | 0 | 6 | 0.0264 | 0.359 | 0.918 | 0.00926 | -50.5 | -1.41 |
| MCI | 1 | 12 | 0.191 | 0.762 | 0.934 | 0.0661 | -36.2 | -52.4 |
| MCI | 2 | 12 | 0.381 | 2.7 | 5.69 | 0.153 | -32.8 | -65.2 |
| MCI | 3 | 6 | 0.173 | 0.937 | 1.31 | 0.074 | -38.4 | -58.2 |
| Mild | 0 | 6 | 0.0803 | 0.876 | 2.07 | 0.0288 | -42.3 | -1.54 |
| Mild | 1 | 12 | 0.271 | 0.631 | 0.78 | 0.106 | -34.5 | -51.5 |
| Mild | 2 | 12 | 0.343 | 3.43 | 17.4 | 0.114 | -33.9 | -64.7 |
| Mild | 3 | 6 | 0.211 | 1.16 | 2.01 | 0.0883 | -37.4 | -58.7 |
| Moderate | 0 | 6 | 0.0238 | 0.319 | 1.66 | 0.00812 | -53.9 | -1.56 |
| Moderate | 1 | 12 | 0.227 | 0.565 | 0.61 | 0.0727 | -35.6 | -51.9 |
| Moderate | 2 | 12 | 0.675 | 3.87 | 8.97 | 0.222 | -29.9 | -65.1 |
| Moderate | 3 | 6 | 0.149 | 0.845 | 1.08 | 0.0623 | -39.4 | -58.6 |
| Severe | 0 | 6 | 0.028 | 0.662 | 2.39 | 0.0101 | -50.5 | -1.63 |
| Severe | 1 | 12 | 0.233 | 0.771 | 0.796 | 0.0783 | -37.2 | -52 |
| Severe | 2 | 12 | 0.586 | 5.03 | 7.76 | 0.185 | -30.2 | -64.2 |
| Severe | 3 | 6 | 0.214 | 0.764 | 1.32 | 0.092 | -37.1 | -58.8 |

## Port-to-antenna mapping check
All 60 distinct ring orderings (720 permutations mod rotation/reflection) scored by circulant error = mean over f and k>=1 of std_t |S(t,t+k)| (dB). Config mapping port_to_ant = [4, 3, 2, 1, 6, 5] (equivalent under reflection/rotation to 1-2-3-4-5-6, i.e. ports in file order are consecutive around the ring).
| class | config_mapping_error_db | config_rank_of_60 | best_mapping | best_error_db | 2nd_best_error_db | worst_error_db |
|---|---|---|---|---|---|---|
| Normal | 0.295 | 1 | 1-2-3-4-5-6 | 0.295 | 1.56 | 6.02 |
| MCI | 0.144 | 1 | 1-2-3-4-5-6 | 0.144 | 1.48 | 6.08 |
| Mild | 0.193 | 1 | 1-2-3-4-5-6 | 0.193 | 1.69 | 6.19 |
| Moderate | 0.191 | 1 | 1-2-3-4-5-6 | 0.191 | 1.69 | 6.12 |
| Severe | 0.208 | 1 | 1-2-3-4-5-6 | 0.208 | 1.68 | 5.84 |

## Orientation re-derivation (native grids, per-port min |Sii|, parabolic refine)
Shoulder = power average of |Sii|^2 over 3.38-3.52 GHz.
| class | f_res_mean_MHz | f_res_min | f_res_max | notch_min_dB | notch_max_dB | shoulder_mean_dB | shoulder_spread_dB |
|---|---|---|---|---|---|---|---|
| Normal | 3640.3 | 3638.8 | 3644.1 | -39.274 | -33.85 | -10.308 | 0.088027 |
| MCI | 3655.5 | 3654.5 | 3656.4 | -21.227 | -20.417 | -10.95 | 0.15823 |
| Mild | 3654.2 | 3651.9 | 3656.4 | -20.98 | -19.494 | -10 | 0.63813 |
| Moderate | 3647.3 | 3646.3 | 3648.5 | -26.955 | -25.519 | -9.9953 | 0.18235 |
| Severe | 3648.2 | 3646.8 | 3649.7 | -27.575 | -26.036 | -9.5196 | 0.14389 |

## Confound assessment (common grid)
Ring-mode c_k(f) = mean_t S(t,t+k). diff/noise = rms_f|c_k^a - c_k^b| divided by the pooled rms port-to-port deviation (complex). rms_dB_diff = rms_f of dB difference of |c_k|. Project membership is from the model card (sims.csv), not from file headers.
| pair | same_project | k0_diff/noise | k0_rms_dB_diff | k1_diff/noise | k1_rms_dB_diff | k2_diff/noise | k2_rms_dB_diff | k3_diff/noise | k3_rms_dB_diff | k0_shoulder_dB_diff |
|---|---|---|---|---|---|---|---|---|---|---|
| Normal-MCI | True | 11.6 | 1.95 | 8.79 | 0.853 | 4.47 | 1.87 | 8.93 | 0.951 | -0.642 |
| Normal-Mild | True | 8 | 1.87 | 5.21 | 1.01 | 4.67 | 2.86 | 11.1 | 1.48 | 0.309 |
| Normal-Moderate | True | 5.83 | 1.25 | 2.79 | 0.842 | 3.78 | 2.17 | 9.27 | 1.35 | 0.313 |
| Normal-Severe | True | 6.29 | 1.36 | 3.35 | 1.22 | 4.56 | 2.92 | 12.5 | 1.9 | 0.788 |
| MCI-Mild | True | 5.31 | 0.547 | 7.87 | 0.869 | 4.35 | 1.53 | 9.79 | 1.33 | 0.951 |
| MCI-Moderate | True | 13.1 | 1.04 | 11 | 1.08 | 5.44 | 1.46 | 10 | 1.51 | 0.955 |
| MCI-Severe | True | 11.9 | 1.13 | 12.6 | 1.44 | 6.78 | 1.97 | 13.3 | 2.02 | 1.43 |
| Mild-Moderate | True | 5.97 | 0.884 | 4.45 | 0.46 | 2.26 | 1.17 | 4.41 | 0.629 | 0.00354 |
| Mild-Severe | True | 6.38 | 0.933 | 6.1 | 0.826 | 3.28 | 0.967 | 6.49 | 1 | 0.479 |
| Moderate-Severe | True | 3.3 | 0.228 | 2.59 | 0.582 | 2.14 | 1.1 | 6.49 | 0.745 | 0.475 |

Within-file port-to-port noise (rms over f of std_t in dB):
| class | k0_port_noise_rms_dB | k1_port_noise_rms_dB | k2_port_noise_rms_dB | k3_port_noise_rms_dB |
|---|---|---|---|---|
| Normal | 0.356 | 0.261 | 0.701 | 0.323 |
| MCI | 0.0673 | 0.105 | 0.39 | 0.151 |
| Mild | 0.154 | 0.116 | 0.61 | 0.209 |
| Moderate | 0.085 | 0.105 | 0.56 | 0.157 |
| Severe | 0.123 | 0.132 | 0.664 | 0.148 |

