gain+ring cross-reference: runs 85 wrong lobes 39 runs with wrong lobe 20 wrong stage 16 by ref (wrong lobes / wrong stage / runs) {'H6': [7, 0, 15], 'rot07': [5, 0, 14], 'rot19': [5, 5, 14], 'rot31': [9, 2, 14], 'rot43': [5, 3, 14], 'H7': [8, 6, 14]}
   Mild_p5 H6 Mild [1, 1, 1, 1, 1, 1] 1.069
   Mild_p5 H7 Mild [1, 1, 1, 1, 1, 1] 2.206
   Mild_p5 rot07 Mild [1, 1, 1, 1, 1, 1] 1.308
   Mild_p5 rot19 Mild [1, 1, 1, 1, 1, 1] 1.987
   Mild_p5 rot31 Mild [1, 1, 1, 1, 1, 1] 1.795
   Mild_p5 rot43 Moderate [0, 1, 1, 0, 1, 1] 1.479
   Mild_p6 H7 Moderate [0, 1, 1, 0, 1, 1] 0.525
   Moderate_p5 rot19 Severe [0, 1, 0, 0, 0, 1] 0.806
   Moderate_p5 rot31 Severe [0, 1, 0, 0, 0, 1] 0.58
   Moderate_p5 rot43 Severe [0, 1, 0, 0, 0, 1] 0.816
   Moderate_p6 H6 Moderate [0, 1, 1, 0, 0, 1] 0.427
   Moderate_p6 rot07 Moderate [0, 1, 1, 0, 1, 1] 0.478
   Moderate_p6 rot31 Moderate [0, 1, 1, 0, 1, 1] 0.619
   Moderate_p6 rot43 Moderate [0, 1, 1, 0, 1, 1] 0.997
   LeftOnly_p6 H7 Mild [0, 1, 1, 0, 0, 1] 0.62
   LeftOnly_p6 rot19 Moderate [0, 1, 1, 0, 0, 0] 1.066
   LeftOnly_p6 rot31 Mild [0, 1, 1, 0, 1, 0] 1.289
   MCI_p6 H7 Mild [0, 0, 0, 1, 0, 0] 0.659
   MCI_p6 rot19 Mild [0, 0, 0, 0, 0, 0] 1.288
   MCI_p6 rot31 Mild [0, 0, 0, 0, 0, 0] 0.88
   RightOnly H6 Mild [0, 1, 1, 1, 1, 1] 0.626
   RightOnly H7 Mild [1, 1, 1, 1, 1, 1] 1.062
   RightOnly rot07 Mild [0, 1, 0, 1, 1, 1] 0.729
   RightOnly rot19 Severe [0, 0, 0, 0, 1, 1] 1.237
   RightOnly rot31 Mild [0, 1, 1, 0, 1, 1] 1.244
   RightOnly rot43 Moderate [0, 0, 1, 0, 1, 1] 0.975
   rot07 H7 Mild [0, 0, 0, 0, 0, 0] 0.511
   rot07 rot19 Mild [0, 0, 0, 0, 0, 0] 1.275
   rot19 H7 Mild [0, 0, 0, 0, 0, 0] 1.247
   rot31 H7 Mild [0, 0, 0, 0, 0, 0] 0.689
   rot43 H7 Mild [0, 0, 0, 0, 0, 0] 1.168
